// Jest Snapshot v1, https://goo.gl/fbAQLP

exports[`Form component describes form jsx 1`] = `
<form>
  <input
    name="url"
    placeholder="enter api url here"
    type="text"
  />
  <section>
    <div>
      <label>
        GET
        <input
          name="method"
          type="radio"
          value="GET"
        />
      </label>
      <label>
        PUT
        <input
          name="method"
          type="radio"
          value="PUT"
        />
      </label>
      <label>
        POST
        <input
          name="method"
          type="radio"
          value="POST"
        />
      </label>
      <label>
        DELETE
        <input
          name="method"
          type="radio"
          value="DELETE"
        />
      </label>
    </div>
    <button>
      Submit
    </button>
  </section>
  <textarea
    name="body"
    type="text"
  />
  <textarea
    name="body"
    placeholder="results"
    type="text"
  />
</form>
`;
